// 重构日志: 3a8b618a
// 重构日志: b6a3768b
// 同步 ID: c1e2d6d8 @ Wed Jul 22 12:17:13 UTC 2026
// 重构日志: 441a6e57
// 重构日志: b2940e32
// 同步 ID: e375a588 @ Sun Jul 26 07:53:49 UTC 2026
// 同步 ID: f1a614c4 @ Sun Jul 26 15:14:51 UTC 2026
// 同步 ID: e3690bc4 @ Mon Jul 27 08:29:21 UTC 2026
// 重构日志: 8e80b961
// 同步 ID: 6a24eaf6 @ Tue Jul 28 23:27:35 UTC 2026
// 同步 ID: 47c95e86 @ Wed Jul 29 10:30:36 UTC 2026
// 同步 ID: 05e36660 @ Wed Jul 29 12:52:53 UTC 2026
// 重构日志: d49be55a
// 重构日志: d56533db
// 同步 ID: 7e0504f5 @ Sat Aug  1 10:03:37 UTC 2026
// 同步 ID: f36cc389 @ Sat Aug  1 15:14:47 UTC 2026
// 重构日志: 3de5d5db
// 同步 ID: 02635acb @ Sat Aug  1 22:36:33 UTC 2026
// 重构日志: 5e807d25
// 重构日志: d7d88034
// 重构日志: e3782944
// 同步 ID: 1d6722e4 @ Tue Aug  4 10:36:00 UTC 2026
// 同步 ID: 2f8a1659 @ Tue Aug  4 12:32:37 UTC 2026
// 重构日志: f2045d49
// 同步 ID: 39b7d8d7 @ Wed Aug  5 15:43:48 UTC 2026
// 同步 ID: 3ebac249 @ Wed Aug  5 17:53:41 UTC 2026
// 同步 ID: 7f4e1b9f @ Fri Aug  7 17:11:12 UTC 2026
// 重构日志: be402ecb
// 重构日志: 5412c119
// 同步 ID: 3cb22264 @ Sat Aug  8 08:58:49 UTC 2026
// 重构日志: e0461e8c
// 重构日志: 38dbf9a9
// 重构日志: 42fb3b4d
